--- Input ---
f = fun(x: Int) ->
    x + 1

--- AST Tree ---
Program
  Assign
    Left: Identifier(f)
    Value: FunctionLiteral
      Params:
        x: NamedType(Identifier(Int))
      Body:
Block
          Infix(+)
            Left: Identifier(x)
            Right: IntegerLiteral(1)




--- Source Code ---
f = fun(x: Int) {
    x + 1
}
