--- Input ---
match x {
    Ok(v) if v > 0 ->
        v
    _ ->
        0
}

--- AST Tree ---
Program
Match
    Identifier(x)
    Arm: Con(Identifier(Ok) Var(v)) if Infix(>)
      Left: Identifier(v)
      Right: IntegerLiteral(0) -> Identifier(v)
    Arm: _ -> IntegerLiteral(0)


--- Source Code ---
match x {
    Ok(v) if v > 0 -> v
    _              -> 0
}
